// Jest Snapshot v1, https://goo.gl/fbAQLP

exports[`Should match snapshot 1`] = `
<DocumentFragment>
  <div
    class="Carousel"
  >
    <h1>
      Test Carousel
    </h1>
    <div
      class="Carousel-main"
    >
      <div
        class="Card"
      >
        <h4
          class="Card-title"
        >
          Caption1
        </h4>
        <img
          alt="Caption1"
          class="Card-image"
          src="test1.jpg"
        />
        <small
          class="Card-small"
        >
          Image 1 of 2.
        </small>
      </div>
      <i
        class="bi bi-arrow-right-circle"
        data-testid="right-arrow"
      />
    </div>
  </div>
</DocumentFragment>
`;
